// Jest Snapshot v1, https://goo.gl/fbAQLP

exports[`renders correctly 1`] = `
<View>
  <View
    style={
      [
        {
          "overflow": "hidden",
        },
        undefined,
      ]
    }
  >
    <FastImageView
      defaultSource={null}
      resizeMode="contain"
      style={
        {
          "bottom": 0,
          "left": 0,
          "position": "absolute",
          "right": 0,
          "top": 0,
        }
      }
    />
  </View>
</View>
`;
