// Jest Snapshot v1, https://goo.gl/fbAQLP

exports[`renders correctly 1`] = `
<View
  style={
    [
      undefined,
    ]
  }
>
  <TextInput
    onBlur={[Function]}
    onFocus={[Function]}
  />
</View>
`;
